// Jest Snapshot v1, https://goo.gl/fbAQLP

exports[`app Renders ðŸŽ‰ 1`] = `
<div>
  <div
    class="scrollContainer"
  >
    <div
      class="jv_R6g"
      style="--NZu1Zw: 16px;"
    >
      <p
        class="D6xAvw E44aNA rU8RQQ"
      >
        This example demonstrates how to test your App's UI.
      </p>
      <p
        class="D6xAvw E44aNA rU8RQQ"
      >
        Checkout 
        <code>
          examples/ui_test/tests/app.tests.tsx
        </code>
         to learn how to start testing.
      </p>
      <button
        class="_5KtATA LQzFZw xwTbNA _8ERLTg rV61VQ LQzFZw xwTbNA _4_iekA j34Zww aqbYPg _3FvZZg"
        type="button"
      >
        <span
          class="khPe7Q"
        >
          Do something cool
        </span>
      </button>
    </div>
  </div>
</div>
`;
